
> techrent-mobile@1.0.0 test
> jest

node.exe : PASS __tes
ts__/unit/utils/dates
.test.ts
At C:\Program Files\n
odejs\npm.ps1:29 
char:3
+   & $NODE_EXE 
$NPM_CLI_JS $args
+   ~~~~~~~~~~~~~~~~~
~~~~~~~~~~~~
    + CategoryInfo   
           : 
NotSpecifi    ed: 
(PASS __tests_    
_/unit/utils/dates   
 .test.ts:String) [  
  ], RemoteException
    + 
FullyQualifiedEr    
rorId : NativeComm   
 andError
 
PASS __tests__/unit/s
ervices/api.test.ts
PASS __tests__/unit/s
tores/cart-store.test
.ts
PASS __tests__/integr
ation/api-contract.te
st.ts
PASS __tests__/compon
ents/example-componen
t.test.tsx

Test Suites: 5 
passed, 5 total
Tests:       75 
passed, 75 total
Snapshots:   0 total
Time:        1.565 
s, estimated 4 s
Ran all test suites.
